==1711693== Memcheck, a memory error detector
==1711693== Copyright (C) 2002-2017, and GNU GPL'd, by Julian Seward et al.
==1711693== Using Valgrind-3.18.1 and LibVEX; rerun with -h for copyright info
==1711693== Command: ./minishell
==1711693== Parent PID: 1711689
==1711693== 
==1711693== 
==1711693== HEAP SUMMARY:
==1711693==     in use at exit: 208,229 bytes in 226 blocks
==1711693==   total heap usage: 761 allocs, 535 frees, 238,994 bytes allocated
==1711693== 
==1711693== 6 bytes in 1 blocks are still reachable in loss record 1 of 67
==1711693==    at 0x4848899: malloc (in /usr/libexec/valgrind/vgpreload_memcheck-amd64-linux.so)
==1711693==    by 0x48ADBAC: xmalloc (in /usr/lib/x86_64-linux-gnu/libreadline.so.8.1)
==1711693==    by 0x488B694: readline_internal_teardown (in /usr/lib/x86_64-linux-gnu/libreadline.so.8.1)
==1711693==    by 0x4895D2A: readline (in /usr/lib/x86_64-linux-gnu/libreadline.so.8.1)
==1711693==    by 0x40190C: find_line (main2.c:262)
==1711693==    by 0x401785: main (main2.c:289)
==1711693== 
==1711693== 6 bytes in 1 blocks are still reachable in loss record 2 of 67
==1711693==    at 0x4848899: malloc (in /usr/libexec/valgrind/vgpreload_memcheck-amd64-linux.so)
==1711693==    by 0x48ADBAC: xmalloc (in /usr/lib/x86_64-linux-gnu/libreadline.so.8.1)
==1711693==    by 0x48A4B39: alloc_history_entry (in /usr/lib/x86_64-linux-gnu/libreadline.so.8.1)
==1711693==    by 0x48A6F65: add_history (in /usr/lib/x86_64-linux-gnu/libreadline.so.8.1)
==1711693==    by 0x401A68: valid_line_for_main (main2.c:267)
==1711693==    by 0x4017CF: main (main2.c:300)
==1711693== 
==1711693== 8 bytes in 1 blocks are still reachable in loss record 3 of 67
==1711693==    at 0x4848899: malloc (in /usr/libexec/valgrind/vgpreload_memcheck-amd64-linux.so)
==1711693==    by 0x48AE4A7: xrealloc (in /usr/lib/x86_64-linux-gnu/libreadline.so.8.1)
==1711693==    by 0x489A7F6: ??? (in /usr/lib/x86_64-linux-gnu/libreadline.so.8.1)
==1711693==    by 0x489AE0D: rl_expand_prompt (in /usr/lib/x86_64-linux-gnu/libreadline.so.8.1)
==1711693==    by 0x488A1BF: rl_set_prompt (in /usr/lib/x86_64-linux-gnu/libreadline.so.8.1)
==1711693==    by 0x4895CCF: readline (in /usr/lib/x86_64-linux-gnu/libreadline.so.8.1)
==1711693==    by 0x40190C: find_line (main2.c:262)
==1711693==    by 0x401785: main (main2.c:289)
==1711693== 
==1711693== 8 bytes in 1 blocks are still reachable in loss record 4 of 67
==1711693==    at 0x4848899: malloc (in /usr/libexec/valgrind/vgpreload_memcheck-amd64-linux.so)
==1711693==    by 0x497058E: strdup (strdup.c:42)
==1711693==    by 0x4B0ED17: _nc_trim_sgr0 (in /usr/lib/x86_64-linux-gnu/libtinfo.so.6.3)
==1711693==    by 0x4B0D6A8: tgetent_sp (in /usr/lib/x86_64-linux-gnu/libtinfo.so.6.3)
==1711693==    by 0x48A91CD: _rl_init_terminal_io (in /usr/lib/x86_64-linux-gnu/libreadline.so.8.1)
==1711693==    by 0x4895A0F: rl_initialize (in /usr/lib/x86_64-linux-gnu/libreadline.so.8.1)
==1711693==    by 0x4895CD4: readline (in /usr/lib/x86_64-linux-gnu/libreadline.so.8.1)
==1711693==    by 0x40190C: find_line (main2.c:262)
==1711693==    by 0x401785: main (main2.c:289)
==1711693== 
==1711693== 12 bytes in 1 blocks are still reachable in loss record 5 of 67
==1711693==    at 0x4848899: malloc (in /usr/libexec/valgrind/vgpreload_memcheck-amd64-linux.so)
==1711693==    by 0x48ADBAC: xmalloc (in /usr/lib/x86_64-linux-gnu/libreadline.so.8.1)
==1711693==    by 0x488A1E3: rl_set_prompt (in /usr/lib/x86_64-linux-gnu/libreadline.so.8.1)
==1711693==    by 0x4895CCF: readline (in /usr/lib/x86_64-linux-gnu/libreadline.so.8.1)
==1711693==    by 0x40190C: find_line (main2.c:262)
==1711693==    by 0x401785: main (main2.c:289)
==1711693== 
==1711693== 12 bytes in 1 blocks are still reachable in loss record 6 of 67
==1711693==    at 0x4848899: malloc (in /usr/libexec/valgrind/vgpreload_memcheck-amd64-linux.so)
==1711693==    by 0x48ADBAC: xmalloc (in /usr/lib/x86_64-linux-gnu/libreadline.so.8.1)
==1711693==    by 0x489AC7F: ??? (in /usr/lib/x86_64-linux-gnu/libreadline.so.8.1)
==1711693==    by 0x489AE0D: rl_expand_prompt (in /usr/lib/x86_64-linux-gnu/libreadline.so.8.1)
==1711693==    by 0x488A1BF: rl_set_prompt (in /usr/lib/x86_64-linux-gnu/libreadline.so.8.1)
==1711693==    by 0x4895CCF: readline (in /usr/lib/x86_64-linux-gnu/libreadline.so.8.1)
==1711693==    by 0x40190C: find_line (main2.c:262)
==1711693==    by 0x401785: main (main2.c:289)
==1711693== 
==1711693== 12 bytes in 1 blocks are still reachable in loss record 7 of 67
==1711693==    at 0x4848899: malloc (in /usr/libexec/valgrind/vgpreload_memcheck-amd64-linux.so)
==1711693==    by 0x48ADBAC: xmalloc (in /usr/lib/x86_64-linux-gnu/libreadline.so.8.1)
==1711693==    by 0x48A6F28: add_history (in /usr/lib/x86_64-linux-gnu/libreadline.so.8.1)
==1711693==    by 0x401A68: valid_line_for_main (main2.c:267)
==1711693==    by 0x4017CF: main (main2.c:300)
==1711693== 
==1711693== 13 bytes in 1 blocks are still reachable in loss record 8 of 67
==1711693==    at 0x4848899: malloc (in /usr/libexec/valgrind/vgpreload_memcheck-amd64-linux.so)
==1711693==    by 0x48ADBAC: xmalloc (in /usr/lib/x86_64-linux-gnu/libreadline.so.8.1)
==1711693==    by 0x489BBF5: ??? (in /usr/lib/x86_64-linux-gnu/libreadline.so.8.1)
==1711693==    by 0x4895A38: rl_initialize (in /usr/lib/x86_64-linux-gnu/libreadline.so.8.1)
==1711693==    by 0x4895CD4: readline (in /usr/lib/x86_64-linux-gnu/libreadline.so.8.1)
==1711693==    by 0x40190C: find_line (main2.c:262)
==1711693==    by 0x401785: main (main2.c:289)
==1711693== 
==1711693== 14 bytes in 1 blocks are still reachable in loss record 9 of 67
==1711693==    at 0x484DCD3: realloc (in /usr/libexec/valgrind/vgpreload_memcheck-amd64-linux.so)
==1711693==    by 0x4B016CC: _nc_doalloc (in /usr/lib/x86_64-linux-gnu/libtinfo.so.6.3)
==1711693==    by 0x4B08272: _nc_tiparm (in /usr/lib/x86_64-linux-gnu/libtinfo.so.6.3)
==1711693==    by 0x4B0EC7D: ??? (in /usr/lib/x86_64-linux-gnu/libtinfo.so.6.3)
==1711693==    by 0x4B0ED09: _nc_trim_sgr0 (in /usr/lib/x86_64-linux-gnu/libtinfo.so.6.3)
==1711693==    by 0x4B0D6A8: tgetent_sp (in /usr/lib/x86_64-linux-gnu/libtinfo.so.6.3)
==1711693==    by 0x48A91CD: _rl_init_terminal_io (in /usr/lib/x86_64-linux-gnu/libreadline.so.8.1)
==1711693==    by 0x4895A0F: rl_initialize (in /usr/lib/x86_64-linux-gnu/libreadline.so.8.1)
==1711693==    by 0x4895CD4: readline (in /usr/lib/x86_64-linux-gnu/libreadline.so.8.1)
==1711693==    by 0x40190C: find_line (main2.c:262)
==1711693==    by 0x401785: main (main2.c:289)
==1711693== 
==1711693== 15 bytes in 1 blocks are still reachable in loss record 10 of 67
==1711693==    at 0x4848899: malloc (in /usr/libexec/valgrind/vgpreload_memcheck-amd64-linux.so)
==1711693==    by 0x497058E: strdup (strdup.c:42)
==1711693==    by 0x4B00377: ??? (in /usr/lib/x86_64-linux-gnu/libtinfo.so.6.3)
==1711693==    by 0x4B02BF8: _nc_first_db (in /usr/lib/x86_64-linux-gnu/libtinfo.so.6.3)
==1711693==    by 0x4B0C696: _nc_read_entry2 (in /usr/lib/x86_64-linux-gnu/libtinfo.so.6.3)
==1711693==    by 0x4B0C711: ??? (in /usr/lib/x86_64-linux-gnu/libtinfo.so.6.3)
==1711693==    by 0x4B0C866: _nc_setupterm (in /usr/lib/x86_64-linux-gnu/libtinfo.so.6.3)
==1711693==    by 0x4B0D4C9: tgetent_sp (in /usr/lib/x86_64-linux-gnu/libtinfo.so.6.3)
==1711693==    by 0x48A91CD: _rl_init_terminal_io (in /usr/lib/x86_64-linux-gnu/libreadline.so.8.1)
==1711693==    by 0x4895A0F: rl_initialize (in /usr/lib/x86_64-linux-gnu/libreadline.so.8.1)
==1711693==    by 0x4895CD4: readline (in /usr/lib/x86_64-linux-gnu/libreadline.so.8.1)
==1711693==    by 0x40190C: find_line (main2.c:262)
==1711693==    by 0x401785: main (main2.c:289)
==1711693== 
==1711693== 15 bytes in 1 blocks are still reachable in loss record 11 of 67
==1711693==    at 0x4848899: malloc (in /usr/libexec/valgrind/vgpreload_memcheck-amd64-linux.so)
==1711693==    by 0x497058E: strdup (strdup.c:42)
==1711693==    by 0x4B0C8AE: _nc_setupterm (in /usr/lib/x86_64-linux-gnu/libtinfo.so.6.3)
==1711693==    by 0x4B0D4C9: tgetent_sp (in /usr/lib/x86_64-linux-gnu/libtinfo.so.6.3)
==1711693==    by 0x48A91CD: _rl_init_terminal_io (in /usr/lib/x86_64-linux-gnu/libreadline.so.8.1)
==1711693==    by 0x4895A0F: rl_initialize (in /usr/lib/x86_64-linux-gnu/libreadline.so.8.1)
==1711693==    by 0x4895CD4: readline (in /usr/lib/x86_64-linux-gnu/libreadline.so.8.1)
==1711693==    by 0x40190C: find_line (main2.c:262)
==1711693==    by 0x401785: main (main2.c:289)
==1711693== 
==1711693== 16 bytes in 1 blocks are still reachable in loss record 12 of 67
==1711693==    at 0x4848899: malloc (in /usr/libexec/valgrind/vgpreload_memcheck-amd64-linux.so)
==1711693==    by 0x4895B26: rl_initialize (in /usr/lib/x86_64-linux-gnu/libreadline.so.8.1)
==1711693==    by 0x4895CD4: readline (in /usr/lib/x86_64-linux-gnu/libreadline.so.8.1)
==1711693==    by 0x40190C: find_line (main2.c:262)
==1711693==    by 0x401785: main (main2.c:289)
==1711693== 
==1711693== 20 bytes in 1 blocks are still reachable in loss record 13 of 67
==1711693==    at 0x4848899: malloc (in /usr/libexec/valgrind/vgpreload_memcheck-amd64-linux.so)
==1711693==    by 0x48ADBAC: xmalloc (in /usr/lib/x86_64-linux-gnu/libreadline.so.8.1)
==1711693==    by 0x4898D8B: ??? (in /usr/lib/x86_64-linux-gnu/libreadline.so.8.1)
==1711693==    by 0x489B6C9: rl_parse_and_bind (in /usr/lib/x86_64-linux-gnu/libreadline.so.8.1)
==1711693==    by 0x489BB6C: ??? (in /usr/lib/x86_64-linux-gnu/libreadline.so.8.1)
==1711693==    by 0x4895A38: rl_initialize (in /usr/lib/x86_64-linux-gnu/libreadline.so.8.1)
==1711693==    by 0x4895CD4: readline (in /usr/lib/x86_64-linux-gnu/libreadline.so.8.1)
==1711693==    by 0x40190C: find_line (main2.c:262)
==1711693==    by 0x401785: main (main2.c:289)
==1711693== 
==1711693== 24 bytes in 1 blocks are still reachable in loss record 14 of 67
==1711693==    at 0x4848899: malloc (in /usr/libexec/valgrind/vgpreload_memcheck-amd64-linux.so)
==1711693==    by 0x49E7FA4: tsearch (tsearch.c:337)
==1711693==    by 0x4B04D6E: ??? (in /usr/lib/x86_64-linux-gnu/libtinfo.so.6.3)
==1711693==    by 0x4B08098: _nc_tiparm (in /usr/lib/x86_64-linux-gnu/libtinfo.so.6.3)
==1711693==    by 0x4B0EC7D: ??? (in /usr/lib/x86_64-linux-gnu/libtinfo.so.6.3)
==1711693==    by 0x4B0ED09: _nc_trim_sgr0 (in /usr/lib/x86_64-linux-gnu/libtinfo.so.6.3)
==1711693==    by 0x4B0D6A8: tgetent_sp (in /usr/lib/x86_64-linux-gnu/libtinfo.so.6.3)
==1711693==    by 0x48A91CD: _rl_init_terminal_io (in /usr/lib/x86_64-linux-gnu/libreadline.so.8.1)
==1711693==    by 0x4895A0F: rl_initialize (in /usr/lib/x86_64-linux-gnu/libreadline.so.8.1)
==1711693==    by 0x4895CD4: readline (in /usr/lib/x86_64-linux-gnu/libreadline.so.8.1)
==1711693==    by 0x40190C: find_line (main2.c:262)
==1711693==    by 0x401785: main (main2.c:289)
==1711693== 
==1711693== 24 bytes in 1 blocks are still reachable in loss record 15 of 67
==1711693==    at 0x4848899: malloc (in /usr/libexec/valgrind/vgpreload_memcheck-amd64-linux.so)
==1711693==    by 0x48ADBAC: xmalloc (in /usr/lib/x86_64-linux-gnu/libreadline.so.8.1)
==1711693==    by 0x48A4B1D: alloc_history_entry (in /usr/lib/x86_64-linux-gnu/libreadline.so.8.1)
==1711693==    by 0x48A6F65: add_history (in /usr/lib/x86_64-linux-gnu/libreadline.so.8.1)
==1711693==    by 0x401A68: valid_line_for_main (main2.c:267)
==1711693==    by 0x4017CF: main (main2.c:300)
==1711693== 
==1711693== 27 bytes in 1 blocks are still reachable in loss record 16 of 67
==1711693==    at 0x4848899: malloc (in /usr/libexec/valgrind/vgpreload_memcheck-amd64-linux.so)
==1711693==    by 0x4B02624: _nc_home_terminfo (in /usr/lib/x86_64-linux-gnu/libtinfo.so.6.3)
==1711693==    by 0x4B02BE2: _nc_first_db (in /usr/lib/x86_64-linux-gnu/libtinfo.so.6.3)
==1711693==    by 0x4B0C696: _nc_read_entry2 (in /usr/lib/x86_64-linux-gnu/libtinfo.so.6.3)
==1711693==    by 0x4B0C711: ??? (in /usr/lib/x86_64-linux-gnu/libtinfo.so.6.3)
==1711693==    by 0x4B0C866: _nc_setupterm (in /usr/lib/x86_64-linux-gnu/libtinfo.so.6.3)
==1711693==    by 0x4B0D4C9: tgetent_sp (in /usr/lib/x86_64-linux-gnu/libtinfo.so.6.3)
==1711693==    by 0x48A91CD: _rl_init_terminal_io (in /usr/lib/x86_64-linux-gnu/libreadline.so.8.1)
==1711693==    by 0x4895A0F: rl_initialize (in /usr/lib/x86_64-linux-gnu/libreadline.so.8.1)
==1711693==    by 0x4895CD4: readline (in /usr/lib/x86_64-linux-gnu/libreadline.so.8.1)
==1711693==    by 0x40190C: find_line (main2.c:262)
==1711693==    by 0x401785: main (main2.c:289)
==1711693== 
==1711693== 46 bytes in 1 blocks are still reachable in loss record 17 of 67
==1711693==    at 0x484DCD3: realloc (in /usr/libexec/valgrind/vgpreload_memcheck-amd64-linux.so)
==1711693==    by 0x4B016CC: _nc_doalloc (in /usr/lib/x86_64-linux-gnu/libtinfo.so.6.3)
==1711693==    by 0x4B0C16F: _nc_read_termtype (in /usr/lib/x86_64-linux-gnu/libtinfo.so.6.3)
==1711693==    by 0x4B0C52A: ??? (in /usr/lib/x86_64-linux-gnu/libtinfo.so.6.3)
==1711693==    by 0x4B0EC40: ??? (in /usr/lib/x86_64-linux-gnu/libtinfo.so.6.3)
==1711693==    by 0x4B0C6BB: _nc_read_entry2 (in /usr/lib/x86_64-linux-gnu/libtinfo.so.6.3)
==1711693==    by 0x4B0C711: ??? (in /usr/lib/x86_64-linux-gnu/libtinfo.so.6.3)
==1711693==    by 0x4B0C866: _nc_setupterm (in /usr/lib/x86_64-linux-gnu/libtinfo.so.6.3)
==1711693==    by 0x4B0D4C9: tgetent_sp (in /usr/lib/x86_64-linux-gnu/libtinfo.so.6.3)
==1711693==    by 0x48A91CD: _rl_init_terminal_io (in /usr/lib/x86_64-linux-gnu/libreadline.so.8.1)
==1711693==    by 0x4895A0F: rl_initialize (in /usr/lib/x86_64-linux-gnu/libreadline.so.8.1)
==1711693==    by 0x4895CD4: readline (in /usr/lib/x86_64-linux-gnu/libreadline.so.8.1)
==1711693==    by 0x40190C: find_line (main2.c:262)
==1711693==    by 0x401785: main (main2.c:289)
==1711693== 
==1711693== 46 bytes in 1 blocks are still reachable in loss record 18 of 67
==1711693==    at 0x4848899: malloc (in /usr/libexec/valgrind/vgpreload_memcheck-amd64-linux.so)
==1711693==    by 0x4B00FDE: ??? (in /usr/lib/x86_64-linux-gnu/libtinfo.so.6.3)
==1711693==    by 0x4B0C87D: _nc_setupterm (in /usr/lib/x86_64-linux-gnu/libtinfo.so.6.3)
==1711693==    by 0x4B0D4C9: tgetent_sp (in /usr/lib/x86_64-linux-gnu/libtinfo.so.6.3)
==1711693==    by 0x48A91CD: _rl_init_terminal_io (in /usr/lib/x86_64-linux-gnu/libreadline.so.8.1)
==1711693==    by 0x4895A0F: rl_initialize (in /usr/lib/x86_64-linux-gnu/libreadline.so.8.1)
==1711693==    by 0x4895CD4: readline (in /usr/lib/x86_64-linux-gnu/libreadline.so.8.1)
==1711693==    by 0x40190C: find_line (main2.c:262)
==1711693==    by 0x401785: main (main2.c:289)
==1711693== 
==1711693== 48 bytes in 1 blocks are still reachable in loss record 19 of 67
==1711693==    at 0x484DA83: calloc (in /usr/libexec/valgrind/vgpreload_memcheck-amd64-linux.so)
==1711693==    by 0x4B02833: _nc_first_db (in /usr/lib/x86_64-linux-gnu/libtinfo.so.6.3)
==1711693==    by 0x4B0C696: _nc_read_entry2 (in /usr/lib/x86_64-linux-gnu/libtinfo.so.6.3)
==1711693==    by 0x4B0C711: ??? (in /usr/lib/x86_64-linux-gnu/libtinfo.so.6.3)
==1711693==    by 0x4B0C866: _nc_setupterm (in /usr/lib/x86_64-linux-gnu/libtinfo.so.6.3)
==1711693==    by 0x4B0D4C9: tgetent_sp (in /usr/lib/x86_64-linux-gnu/libtinfo.so.6.3)
==1711693==    by 0x48A91CD: _rl_init_terminal_io (in /usr/lib/x86_64-linux-gnu/libreadline.so.8.1)
==1711693==    by 0x4895A0F: rl_initialize (in /usr/lib/x86_64-linux-gnu/libreadline.so.8.1)
==1711693==    by 0x4895CD4: readline (in /usr/lib/x86_64-linux-gnu/libreadline.so.8.1)
==1711693==    by 0x40190C: find_line (main2.c:262)
==1711693==    by 0x401785: main (main2.c:289)
==1711693== 
==1711693== 78 bytes in 1 blocks are still reachable in loss record 20 of 67
==1711693==    at 0x4848899: malloc (in /usr/libexec/valgrind/vgpreload_memcheck-amd64-linux.so)
==1711693==    by 0x4B0104B: ??? (in /usr/lib/x86_64-linux-gnu/libtinfo.so.6.3)
==1711693==    by 0x4B0C87D: _nc_setupterm (in /usr/lib/x86_64-linux-gnu/libtinfo.so.6.3)
==1711693==    by 0x4B0D4C9: tgetent_sp (in /usr/lib/x86_64-linux-gnu/libtinfo.so.6.3)
==1711693==    by 0x48A91CD: _rl_init_terminal_io (in /usr/lib/x86_64-linux-gnu/libreadline.so.8.1)
==1711693==    by 0x4895A0F: rl_initialize (in /usr/lib/x86_64-linux-gnu/libreadline.so.8.1)
==1711693==    by 0x4895CD4: readline (in /usr/lib/x86_64-linux-gnu/libreadline.so.8.1)
==1711693==    by 0x40190C: find_line (main2.c:262)
==1711693==    by 0x401785: main (main2.c:289)
==1711693== 
==1711693== 93 bytes in 1 blocks are still reachable in loss record 21 of 67
==1711693==    at 0x4848899: malloc (in /usr/libexec/valgrind/vgpreload_memcheck-amd64-linux.so)
==1711693==    by 0x497058E: strdup (strdup.c:42)
==1711693==    by 0x4B04D54: ??? (in /usr/lib/x86_64-linux-gnu/libtinfo.so.6.3)
==1711693==    by 0x4B08098: _nc_tiparm (in /usr/lib/x86_64-linux-gnu/libtinfo.so.6.3)
==1711693==    by 0x4B0EC7D: ??? (in /usr/lib/x86_64-linux-gnu/libtinfo.so.6.3)
==1711693==    by 0x4B0ED09: _nc_trim_sgr0 (in /usr/lib/x86_64-linux-gnu/libtinfo.so.6.3)
==1711693==    by 0x4B0D6A8: tgetent_sp (in /usr/lib/x86_64-linux-gnu/libtinfo.so.6.3)
==1711693==    by 0x48A91CD: _rl_init_terminal_io (in /usr/lib/x86_64-linux-gnu/libreadline.so.8.1)
==1711693==    by 0x4895A0F: rl_initialize (in /usr/lib/x86_64-linux-gnu/libreadline.so.8.1)
==1711693==    by 0x4895CD4: readline (in /usr/lib/x86_64-linux-gnu/libreadline.so.8.1)
==1711693==    by 0x40190C: find_line (main2.c:262)
==1711693==    by 0x401785: main (main2.c:289)
==1711693== 
==1711693== 94 bytes in 1 blocks are still reachable in loss record 22 of 67
==1711693==    at 0x4848899: malloc (in /usr/libexec/valgrind/vgpreload_memcheck-amd64-linux.so)
==1711693==    by 0x4B0495B: _nc_tparm_analyze (in /usr/lib/x86_64-linux-gnu/libtinfo.so.6.3)
==1711693==    by 0x4B04C62: ??? (in /usr/lib/x86_64-linux-gnu/libtinfo.so.6.3)
==1711693==    by 0x4B08098: _nc_tiparm (in /usr/lib/x86_64-linux-gnu/libtinfo.so.6.3)
==1711693==    by 0x4B0EC7D: ??? (in /usr/lib/x86_64-linux-gnu/libtinfo.so.6.3)
==1711693==    by 0x4B0ED09: _nc_trim_sgr0 (in /usr/lib/x86_64-linux-gnu/libtinfo.so.6.3)
==1711693==    by 0x4B0D6A8: tgetent_sp (in /usr/lib/x86_64-linux-gnu/libtinfo.so.6.3)
==1711693==    by 0x48A91CD: _rl_init_terminal_io (in /usr/lib/x86_64-linux-gnu/libreadline.so.8.1)
==1711693==    by 0x4895A0F: rl_initialize (in /usr/lib/x86_64-linux-gnu/libreadline.so.8.1)
==1711693==    by 0x4895CD4: readline (in /usr/lib/x86_64-linux-gnu/libreadline.so.8.1)
==1711693==    by 0x40190C: find_line (main2.c:262)
==1711693==    by 0x401785: main (main2.c:289)
==1711693== 
==1711693== 96 bytes in 1 blocks are still reachable in loss record 23 of 67
==1711693==    at 0x4848899: malloc (in /usr/libexec/valgrind/vgpreload_memcheck-amd64-linux.so)
==1711693==    by 0x4B0279A: _nc_first_db (in /usr/lib/x86_64-linux-gnu/libtinfo.so.6.3)
==1711693==    by 0x4B0C696: _nc_read_entry2 (in /usr/lib/x86_64-linux-gnu/libtinfo.so.6.3)
==1711693==    by 0x4B0C711: ??? (in /usr/lib/x86_64-linux-gnu/libtinfo.so.6.3)
==1711693==    by 0x4B0C866: _nc_setupterm (in /usr/lib/x86_64-linux-gnu/libtinfo.so.6.3)
==1711693==    by 0x4B0D4C9: tgetent_sp (in /usr/lib/x86_64-linux-gnu/libtinfo.so.6.3)
==1711693==    by 0x48A91CD: _rl_init_terminal_io (in /usr/lib/x86_64-linux-gnu/libreadline.so.8.1)
==1711693==    by 0x4895A0F: rl_initialize (in /usr/lib/x86_64-linux-gnu/libreadline.so.8.1)
==1711693==    by 0x4895CD4: readline (in /usr/lib/x86_64-linux-gnu/libreadline.so.8.1)
==1711693==    by 0x40190C: find_line (main2.c:262)
==1711693==    by 0x401785: main (main2.c:289)
==1711693== 
==1711693== 156 bytes in 1 blocks are still reachable in loss record 24 of 67
==1711693==    at 0x484DCD3: realloc (in /usr/libexec/valgrind/vgpreload_memcheck-amd64-linux.so)
==1711693==    by 0x4B016CC: _nc_doalloc (in /usr/lib/x86_64-linux-gnu/libtinfo.so.6.3)
==1711693==    by 0x4B0C197: _nc_read_termtype (in /usr/lib/x86_64-linux-gnu/libtinfo.so.6.3)
==1711693==    by 0x4B0C52A: ??? (in /usr/lib/x86_64-linux-gnu/libtinfo.so.6.3)
==1711693==    by 0x4B0EC40: ??? (in /usr/lib/x86_64-linux-gnu/libtinfo.so.6.3)
==1711693==    by 0x4B0C6BB: _nc_read_entry2 (in /usr/lib/x86_64-linux-gnu/libtinfo.so.6.3)
==1711693==    by 0x4B0C711: ??? (in /usr/lib/x86_64-linux-gnu/libtinfo.so.6.3)
==1711693==    by 0x4B0C866: _nc_setupterm (in /usr/lib/x86_64-linux-gnu/libtinfo.so.6.3)
==1711693==    by 0x4B0D4C9: tgetent_sp (in /usr/lib/x86_64-linux-gnu/libtinfo.so.6.3)
==1711693==    by 0x48A91CD: _rl_init_terminal_io (in /usr/lib/x86_64-linux-gnu/libreadline.so.8.1)
==1711693==    by 0x4895A0F: rl_initialize (in /usr/lib/x86_64-linux-gnu/libreadline.so.8.1)
==1711693==    by 0x4895CD4: readline (in /usr/lib/x86_64-linux-gnu/libreadline.so.8.1)
==1711693==    by 0x40190C: find_line (main2.c:262)
==1711693==    by 0x401785: main (main2.c:289)
==1711693== 
==1711693== 168 bytes in 1 blocks are still reachable in loss record 25 of 67
==1711693==    at 0x484DA83: calloc (in /usr/libexec/valgrind/vgpreload_memcheck-amd64-linux.so)
==1711693==    by 0x4B04CCD: ??? (in /usr/lib/x86_64-linux-gnu/libtinfo.so.6.3)
==1711693==    by 0x4B08098: _nc_tiparm (in /usr/lib/x86_64-linux-gnu/libtinfo.so.6.3)
==1711693==    by 0x4B0EC7D: ??? (in /usr/lib/x86_64-linux-gnu/libtinfo.so.6.3)
==1711693==    by 0x4B0ED09: _nc_trim_sgr0 (in /usr/lib/x86_64-linux-gnu/libtinfo.so.6.3)
==1711693==    by 0x4B0D6A8: tgetent_sp (in /usr/lib/x86_64-linux-gnu/libtinfo.so.6.3)
==1711693==    by 0x48A91CD: _rl_init_terminal_io (in /usr/lib/x86_64-linux-gnu/libreadline.so.8.1)
==1711693==    by 0x4895A0F: rl_initialize (in /usr/lib/x86_64-linux-gnu/libreadline.so.8.1)
==1711693==    by 0x4895CD4: readline (in /usr/lib/x86_64-linux-gnu/libreadline.so.8.1)
==1711693==    by 0x40190C: find_line (main2.c:262)
==1711693==    by 0x401785: main (main2.c:289)
==1711693== 
==1711693== 256 bytes in 1 blocks are still reachable in loss record 26 of 67
==1711693==    at 0x4848899: malloc (in /usr/libexec/valgrind/vgpreload_memcheck-amd64-linux.so)
==1711693==    by 0x48ADBAC: xmalloc (in /usr/lib/x86_64-linux-gnu/libreadline.so.8.1)
==1711693==    by 0x4895C86: rl_initialize (in /usr/lib/x86_64-linux-gnu/libreadline.so.8.1)
==1711693==    by 0x4895CD4: readline (in /usr/lib/x86_64-linux-gnu/libreadline.so.8.1)
==1711693==    by 0x40190C: find_line (main2.c:262)
==1711693==    by 0x401785: main (main2.c:289)
==1711693== 
==1711693== 608 bytes in 1 blocks are still reachable in loss record 27 of 67
==1711693==    at 0x484DA83: calloc (in /usr/libexec/valgrind/vgpreload_memcheck-amd64-linux.so)
==1711693==    by 0x4B0C37E: _nc_read_termtype (in /usr/lib/x86_64-linux-gnu/libtinfo.so.6.3)
==1711693==    by 0x4B0C52A: ??? (in /usr/lib/x86_64-linux-gnu/libtinfo.so.6.3)
==1711693==    by 0x4B0EC40: ??? (in /usr/lib/x86_64-linux-gnu/libtinfo.so.6.3)
==1711693==    by 0x4B0C6BB: _nc_read_entry2 (in /usr/lib/x86_64-linux-gnu/libtinfo.so.6.3)
==1711693==    by 0x4B0C711: ??? (in /usr/lib/x86_64-linux-gnu/libtinfo.so.6.3)
==1711693==    by 0x4B0C866: _nc_setupterm (in /usr/lib/x86_64-linux-gnu/libtinfo.so.6.3)
==1711693==    by 0x4B0D4C9: tgetent_sp (in /usr/lib/x86_64-linux-gnu/libtinfo.so.6.3)
==1711693==    by 0x48A91CD: _rl_init_terminal_io (in /usr/lib/x86_64-linux-gnu/libreadline.so.8.1)
==1711693==    by 0x4895A0F: rl_initialize (in /usr/lib/x86_64-linux-gnu/libreadline.so.8.1)
==1711693==    by 0x4895CD4: readline (in /usr/lib/x86_64-linux-gnu/libreadline.so.8.1)
==1711693==    by 0x40190C: find_line (main2.c:262)
==1711693==    by 0x401785: main (main2.c:289)
==1711693== 
==1711693== 608 bytes in 1 blocks are still reachable in loss record 28 of 67
==1711693==    at 0x4848899: malloc (in /usr/libexec/valgrind/vgpreload_memcheck-amd64-linux.so)
==1711693==    by 0x4B01119: ??? (in /usr/lib/x86_64-linux-gnu/libtinfo.so.6.3)
==1711693==    by 0x4B0C87D: _nc_setupterm (in /usr/lib/x86_64-linux-gnu/libtinfo.so.6.3)
==1711693==    by 0x4B0D4C9: tgetent_sp (in /usr/lib/x86_64-linux-gnu/libtinfo.so.6.3)
==1711693==    by 0x48A91CD: _rl_init_terminal_io (in /usr/lib/x86_64-linux-gnu/libreadline.so.8.1)
==1711693==    by 0x4895A0F: rl_initialize (in /usr/lib/x86_64-linux-gnu/libreadline.so.8.1)
==1711693==    by 0x4895CD4: readline (in /usr/lib/x86_64-linux-gnu/libreadline.so.8.1)
==1711693==    by 0x40190C: find_line (main2.c:262)
==1711693==    by 0x401785: main (main2.c:289)
==1711693== 
==1711693== 760 bytes in 1 blocks are still reachable in loss record 29 of 67
==1711693==    at 0x484DA83: calloc (in /usr/libexec/valgrind/vgpreload_memcheck-amd64-linux.so)
==1711693==    by 0x4B0C819: _nc_setupterm (in /usr/lib/x86_64-linux-gnu/libtinfo.so.6.3)
==1711693==    by 0x4B0D4C9: tgetent_sp (in /usr/lib/x86_64-linux-gnu/libtinfo.so.6.3)
==1711693==    by 0x48A91CD: _rl_init_terminal_io (in /usr/lib/x86_64-linux-gnu/libreadline.so.8.1)
==1711693==    by 0x4895A0F: rl_initialize (in /usr/lib/x86_64-linux-gnu/libreadline.so.8.1)
==1711693==    by 0x4895CD4: readline (in /usr/lib/x86_64-linux-gnu/libreadline.so.8.1)
==1711693==    by 0x40190C: find_line (main2.c:262)
==1711693==    by 0x401785: main (main2.c:289)
==1711693== 
==1711693== 940 bytes in 1 blocks are still reachable in loss record 30 of 67
==1711693==    at 0x4848899: malloc (in /usr/libexec/valgrind/vgpreload_memcheck-amd64-linux.so)
==1711693==    by 0x4B0C287: _nc_read_termtype (in /usr/lib/x86_64-linux-gnu/libtinfo.so.6.3)
==1711693==    by 0x4B0C52A: ??? (in /usr/lib/x86_64-linux-gnu/libtinfo.so.6.3)
==1711693==    by 0x4B0EC40: ??? (in /usr/lib/x86_64-linux-gnu/libtinfo.so.6.3)
==1711693==    by 0x4B0C6BB: _nc_read_entry2 (in /usr/lib/x86_64-linux-gnu/libtinfo.so.6.3)
==1711693==    by 0x4B0C711: ??? (in /usr/lib/x86_64-linux-gnu/libtinfo.so.6.3)
==1711693==    by 0x4B0C866: _nc_setupterm (in /usr/lib/x86_64-linux-gnu/libtinfo.so.6.3)
==1711693==    by 0x4B0D4C9: tgetent_sp (in /usr/lib/x86_64-linux-gnu/libtinfo.so.6.3)
==1711693==    by 0x48A91CD: _rl_init_terminal_io (in /usr/lib/x86_64-linux-gnu/libreadline.so.8.1)
==1711693==    by 0x4895A0F: rl_initialize (in /usr/lib/x86_64-linux-gnu/libreadline.so.8.1)
==1711693==    by 0x4895CD4: readline (in /usr/lib/x86_64-linux-gnu/libreadline.so.8.1)
==1711693==    by 0x40190C: find_line (main2.c:262)
==1711693==    by 0x401785: main (main2.c:289)
==1711693== 
==1711693== 1,024 bytes in 1 blocks are still reachable in loss record 31 of 67
==1711693==    at 0x4848899: malloc (in /usr/libexec/valgrind/vgpreload_memcheck-amd64-linux.so)
==1711693==    by 0x48AE4A7: xrealloc (in /usr/lib/x86_64-linux-gnu/libreadline.so.8.1)
==1711693==    by 0x4897C7B: ??? (in /usr/lib/x86_64-linux-gnu/libreadline.so.8.1)
==1711693==    by 0x4897D67: ??? (in /usr/lib/x86_64-linux-gnu/libreadline.so.8.1)
==1711693==    by 0x48A0C7E: rl_redisplay (in /usr/lib/x86_64-linux-gnu/libreadline.so.8.1)
==1711693==    by 0x488B458: readline_internal_setup (in /usr/lib/x86_64-linux-gnu/libreadline.so.8.1)
==1711693==    by 0x4895CF8: readline (in /usr/lib/x86_64-linux-gnu/libreadline.so.8.1)
==1711693==    by 0x40190C: find_line (main2.c:262)
==1711693==    by 0x401785: main (main2.c:289)
==1711693== 
==1711693== 1,024 bytes in 1 blocks are still reachable in loss record 32 of 67
==1711693==    at 0x4848899: malloc (in /usr/libexec/valgrind/vgpreload_memcheck-amd64-linux.so)
==1711693==    by 0x48AE4A7: xrealloc (in /usr/lib/x86_64-linux-gnu/libreadline.so.8.1)
==1711693==    by 0x4897C8B: ??? (in /usr/lib/x86_64-linux-gnu/libreadline.so.8.1)
==1711693==    by 0x4897D67: ??? (in /usr/lib/x86_64-linux-gnu/libreadline.so.8.1)
==1711693==    by 0x48A0C7E: rl_redisplay (in /usr/lib/x86_64-linux-gnu/libreadline.so.8.1)
==1711693==    by 0x488B458: readline_internal_setup (in /usr/lib/x86_64-linux-gnu/libreadline.so.8.1)
==1711693==    by 0x4895CF8: readline (in /usr/lib/x86_64-linux-gnu/libreadline.so.8.1)
==1711693==    by 0x40190C: find_line (main2.c:262)
==1711693==    by 0x401785: main (main2.c:289)
==1711693== 
==1711693== 1,024 bytes in 1 blocks are still reachable in loss record 33 of 67
==1711693==    at 0x4848899: malloc (in /usr/libexec/valgrind/vgpreload_memcheck-amd64-linux.so)
==1711693==    by 0x48AE4A7: xrealloc (in /usr/lib/x86_64-linux-gnu/libreadline.so.8.1)
==1711693==    by 0x4897CA2: ??? (in /usr/lib/x86_64-linux-gnu/libreadline.so.8.1)
==1711693==    by 0x4897D67: ??? (in /usr/lib/x86_64-linux-gnu/libreadline.so.8.1)
==1711693==    by 0x48A0C7E: rl_redisplay (in /usr/lib/x86_64-linux-gnu/libreadline.so.8.1)
==1711693==    by 0x488B458: readline_internal_setup (in /usr/lib/x86_64-linux-gnu/libreadline.so.8.1)
==1711693==    by 0x4895CF8: readline (in /usr/lib/x86_64-linux-gnu/libreadline.so.8.1)
==1711693==    by 0x40190C: find_line (main2.c:262)
==1711693==    by 0x401785: main (main2.c:289)
==1711693== 
==1711693== 1,024 bytes in 1 blocks are still reachable in loss record 34 of 67
==1711693==    at 0x4848899: malloc (in /usr/libexec/valgrind/vgpreload_memcheck-amd64-linux.so)
==1711693==    by 0x48AE4A7: xrealloc (in /usr/lib/x86_64-linux-gnu/libreadline.so.8.1)
==1711693==    by 0x4897CBB: ??? (in /usr/lib/x86_64-linux-gnu/libreadline.so.8.1)
==1711693==    by 0x4897D67: ??? (in /usr/lib/x86_64-linux-gnu/libreadline.so.8.1)
==1711693==    by 0x48A0C7E: rl_redisplay (in /usr/lib/x86_64-linux-gnu/libreadline.so.8.1)
==1711693==    by 0x488B458: readline_internal_setup (in /usr/lib/x86_64-linux-gnu/libreadline.so.8.1)
==1711693==    by 0x4895CF8: readline (in /usr/lib/x86_64-linux-gnu/libreadline.so.8.1)
==1711693==    by 0x40190C: find_line (main2.c:262)
==1711693==    by 0x401785: main (main2.c:289)
==1711693== 
==1711693== 1,024 bytes in 1 blocks are still reachable in loss record 35 of 67
==1711693==    at 0x4848899: malloc (in /usr/libexec/valgrind/vgpreload_memcheck-amd64-linux.so)
==1711693==    by 0x48ADBAC: xmalloc (in /usr/lib/x86_64-linux-gnu/libreadline.so.8.1)
==1711693==    by 0x4897DC5: ??? (in /usr/lib/x86_64-linux-gnu/libreadline.so.8.1)
==1711693==    by 0x48A0C7E: rl_redisplay (in /usr/lib/x86_64-linux-gnu/libreadline.so.8.1)
==1711693==    by 0x488B458: readline_internal_setup (in /usr/lib/x86_64-linux-gnu/libreadline.so.8.1)
==1711693==    by 0x4895CF8: readline (in /usr/lib/x86_64-linux-gnu/libreadline.so.8.1)
==1711693==    by 0x40190C: find_line (main2.c:262)
==1711693==    by 0x401785: main (main2.c:289)
==1711693== 
==1711693== 1,024 bytes in 1 blocks are still reachable in loss record 36 of 67
==1711693==    at 0x4848899: malloc (in /usr/libexec/valgrind/vgpreload_memcheck-amd64-linux.so)
==1711693==    by 0x48ADBAC: xmalloc (in /usr/lib/x86_64-linux-gnu/libreadline.so.8.1)
==1711693==    by 0x4897DDA: ??? (in /usr/lib/x86_64-linux-gnu/libreadline.so.8.1)
==1711693==    by 0x48A0C7E: rl_redisplay (in /usr/lib/x86_64-linux-gnu/libreadline.so.8.1)
==1711693==    by 0x488B458: readline_internal_setup (in /usr/lib/x86_64-linux-gnu/libreadline.so.8.1)
==1711693==    by 0x4895CF8: readline (in /usr/lib/x86_64-linux-gnu/libreadline.so.8.1)
==1711693==    by 0x40190C: find_line (main2.c:262)
==1711693==    by 0x401785: main (main2.c:289)
==1711693== 
==1711693== 1,024 bytes in 1 blocks are still reachable in loss record 37 of 67
==1711693==    at 0x4848899: malloc (in /usr/libexec/valgrind/vgpreload_memcheck-amd64-linux.so)
==1711693==    by 0x48ADBAC: xmalloc (in /usr/lib/x86_64-linux-gnu/libreadline.so.8.1)
==1711693==    by 0x4897DE8: ??? (in /usr/lib/x86_64-linux-gnu/libreadline.so.8.1)
==1711693==    by 0x48A0C7E: rl_redisplay (in /usr/lib/x86_64-linux-gnu/libreadline.so.8.1)
==1711693==    by 0x488B458: readline_internal_setup (in /usr/lib/x86_64-linux-gnu/libreadline.so.8.1)
==1711693==    by 0x4895CF8: readline (in /usr/lib/x86_64-linux-gnu/libreadline.so.8.1)
==1711693==    by 0x40190C: find_line (main2.c:262)
==1711693==    by 0x401785: main (main2.c:289)
==1711693== 
==1711693== 1,024 bytes in 1 blocks are still reachable in loss record 38 of 67
==1711693==    at 0x4848899: malloc (in /usr/libexec/valgrind/vgpreload_memcheck-amd64-linux.so)
==1711693==    by 0x48ADBAC: xmalloc (in /usr/lib/x86_64-linux-gnu/libreadline.so.8.1)
==1711693==    by 0x4897DF6: ??? (in /usr/lib/x86_64-linux-gnu/libreadline.so.8.1)
==1711693==    by 0x48A0C7E: rl_redisplay (in /usr/lib/x86_64-linux-gnu/libreadline.so.8.1)
==1711693==    by 0x488B458: readline_internal_setup (in /usr/lib/x86_64-linux-gnu/libreadline.so.8.1)
==1711693==    by 0x4895CF8: readline (in /usr/lib/x86_64-linux-gnu/libreadline.so.8.1)
==1711693==    by 0x40190C: find_line (main2.c:262)
==1711693==    by 0x401785: main (main2.c:289)
==1711693== 
==1711693== 1,536 bytes in 1 blocks are still reachable in loss record 39 of 67
==1711693==    at 0x484DCD3: realloc (in /usr/libexec/valgrind/vgpreload_memcheck-amd64-linux.so)
==1711693==    by 0x48AE491: xrealloc (in /usr/lib/x86_64-linux-gnu/libreadline.so.8.1)
==1711693==    by 0x488B877: rl_add_funmap_entry (in /usr/lib/x86_64-linux-gnu/libreadline.so.8.1)
==1711693==    by 0x488B8C8: rl_initialize_funmap (in /usr/lib/x86_64-linux-gnu/libreadline.so.8.1)
==1711693==    by 0x4895A2C: rl_initialize (in /usr/lib/x86_64-linux-gnu/libreadline.so.8.1)
==1711693==    by 0x4895CD4: readline (in /usr/lib/x86_64-linux-gnu/libreadline.so.8.1)
==1711693==    by 0x40190C: find_line (main2.c:262)
==1711693==    by 0x401785: main (main2.c:289)
==1711693== 
==1711693== 1,664 bytes in 1 blocks are still reachable in loss record 40 of 67
==1711693==    at 0x4848899: malloc (in /usr/libexec/valgrind/vgpreload_memcheck-amd64-linux.so)
==1711693==    by 0x4B0BACD: _nc_read_termtype (in /usr/lib/x86_64-linux-gnu/libtinfo.so.6.3)
==1711693==    by 0x4B0C52A: ??? (in /usr/lib/x86_64-linux-gnu/libtinfo.so.6.3)
==1711693==    by 0x4B0EC40: ??? (in /usr/lib/x86_64-linux-gnu/libtinfo.so.6.3)
==1711693==    by 0x4B0C6BB: _nc_read_entry2 (in /usr/lib/x86_64-linux-gnu/libtinfo.so.6.3)
==1711693==    by 0x4B0C711: ??? (in /usr/lib/x86_64-linux-gnu/libtinfo.so.6.3)
==1711693==    by 0x4B0C866: _nc_setupterm (in /usr/lib/x86_64-linux-gnu/libtinfo.so.6.3)
==1711693==    by 0x4B0D4C9: tgetent_sp (in /usr/lib/x86_64-linux-gnu/libtinfo.so.6.3)
==1711693==    by 0x48A91CD: _rl_init_terminal_io (in /usr/lib/x86_64-linux-gnu/libreadline.so.8.1)
==1711693==    by 0x4895A0F: rl_initialize (in /usr/lib/x86_64-linux-gnu/libreadline.so.8.1)
==1711693==    by 0x4895CD4: readline (in /usr/lib/x86_64-linux-gnu/libreadline.so.8.1)
==1711693==    by 0x40190C: find_line (main2.c:262)
==1711693==    by 0x401785: main (main2.c:289)
==1711693== 
==1711693== 2,032 bytes in 1 blocks are still reachable in loss record 41 of 67
==1711693==    at 0x4848899: malloc (in /usr/libexec/valgrind/vgpreload_memcheck-amd64-linux.so)
==1711693==    by 0x48ADBAC: xmalloc (in /usr/lib/x86_64-linux-gnu/libreadline.so.8.1)
==1711693==    by 0x48A9419: _rl_init_terminal_io (in /usr/lib/x86_64-linux-gnu/libreadline.so.8.1)
==1711693==    by 0x4895A0F: rl_initialize (in /usr/lib/x86_64-linux-gnu/libreadline.so.8.1)
==1711693==    by 0x4895CD4: readline (in /usr/lib/x86_64-linux-gnu/libreadline.so.8.1)
==1711693==    by 0x40190C: find_line (main2.c:262)
==1711693==    by 0x401785: main (main2.c:289)
==1711693== 
==1711693== 2,240 bytes in 140 blocks are still reachable in loss record 42 of 67
==1711693==    at 0x4848899: malloc (in /usr/libexec/valgrind/vgpreload_memcheck-amd64-linux.so)
==1711693==    by 0x48ADBAC: xmalloc (in /usr/lib/x86_64-linux-gnu/libreadline.so.8.1)
==1711693==    by 0x488B822: rl_add_funmap_entry (in /usr/lib/x86_64-linux-gnu/libreadline.so.8.1)
==1711693==    by 0x488B8C8: rl_initialize_funmap (in /usr/lib/x86_64-linux-gnu/libreadline.so.8.1)
==1711693==    by 0x4895A2C: rl_initialize (in /usr/lib/x86_64-linux-gnu/libreadline.so.8.1)
==1711693==    by 0x4895CD4: readline (in /usr/lib/x86_64-linux-gnu/libreadline.so.8.1)
==1711693==    by 0x40190C: find_line (main2.c:262)
==1711693==    by 0x401785: main (main2.c:289)
==1711693== 
==1711693== 3,904 bytes in 1 blocks are still reachable in loss record 43 of 67
==1711693==    at 0x484DCD3: realloc (in /usr/libexec/valgrind/vgpreload_memcheck-amd64-linux.so)
==1711693==    by 0x4B016CC: _nc_doalloc (in /usr/lib/x86_64-linux-gnu/libtinfo.so.6.3)
==1711693==    by 0x4B0C1B5: _nc_read_termtype (in /usr/lib/x86_64-linux-gnu/libtinfo.so.6.3)
==1711693==    by 0x4B0C52A: ??? (in /usr/lib/x86_64-linux-gnu/libtinfo.so.6.3)
==1711693==    by 0x4B0EC40: ??? (in /usr/lib/x86_64-linux-gnu/libtinfo.so.6.3)
==1711693==    by 0x4B0C6BB: _nc_read_entry2 (in /usr/lib/x86_64-linux-gnu/libtinfo.so.6.3)
==1711693==    by 0x4B0C711: ??? (in /usr/lib/x86_64-linux-gnu/libtinfo.so.6.3)
==1711693==    by 0x4B0C866: _nc_setupterm (in /usr/lib/x86_64-linux-gnu/libtinfo.so.6.3)
==1711693==    by 0x4B0D4C9: tgetent_sp (in /usr/lib/x86_64-linux-gnu/libtinfo.so.6.3)
==1711693==    by 0x48A91CD: _rl_init_terminal_io (in /usr/lib/x86_64-linux-gnu/libreadline.so.8.1)
==1711693==    by 0x4895A0F: rl_initialize (in /usr/lib/x86_64-linux-gnu/libreadline.so.8.1)
==1711693==    by 0x4895CD4: readline (in /usr/lib/x86_64-linux-gnu/libreadline.so.8.1)
==1711693==    by 0x40190C: find_line (main2.c:262)
==1711693==    by 0x401785: main (main2.c:289)
==1711693== 
==1711693== 3,904 bytes in 1 blocks are still reachable in loss record 44 of 67
==1711693==    at 0x4848899: malloc (in /usr/libexec/valgrind/vgpreload_memcheck-amd64-linux.so)
==1711693==    by 0x4B00FFF: ??? (in /usr/lib/x86_64-linux-gnu/libtinfo.so.6.3)
==1711693==    by 0x4B0C87D: _nc_setupterm (in /usr/lib/x86_64-linux-gnu/libtinfo.so.6.3)
==1711693==    by 0x4B0D4C9: tgetent_sp (in /usr/lib/x86_64-linux-gnu/libtinfo.so.6.3)
==1711693==    by 0x48A91CD: _rl_init_terminal_io (in /usr/lib/x86_64-linux-gnu/libreadline.so.8.1)
==1711693==    by 0x4895A0F: rl_initialize (in /usr/lib/x86_64-linux-gnu/libreadline.so.8.1)
==1711693==    by 0x4895CD4: readline (in /usr/lib/x86_64-linux-gnu/libreadline.so.8.1)
==1711693==    by 0x40190C: find_line (main2.c:262)
==1711693==    by 0x401785: main (main2.c:289)
==1711693== 
==1711693== 4,016 bytes in 1 blocks are still reachable in loss record 45 of 67
==1711693==    at 0x4848899: malloc (in /usr/libexec/valgrind/vgpreload_memcheck-amd64-linux.so)
==1711693==    by 0x48ADBAC: xmalloc (in /usr/lib/x86_64-linux-gnu/libreadline.so.8.1)
==1711693==    by 0x48A6FD6: add_history (in /usr/lib/x86_64-linux-gnu/libreadline.so.8.1)
==1711693==    by 0x401A68: valid_line_for_main (main2.c:267)
==1711693==    by 0x4017CF: main (main2.c:300)
==1711693== 
==1711693== 4,080 bytes in 1 blocks are still reachable in loss record 46 of 67
==1711693==    at 0x4848899: malloc (in /usr/libexec/valgrind/vgpreload_memcheck-amd64-linux.so)
==1711693==    by 0x48ADBAC: xmalloc (in /usr/lib/x86_64-linux-gnu/libreadline.so.8.1)
==1711693==    by 0x48A93F9: _rl_init_terminal_io (in /usr/lib/x86_64-linux-gnu/libreadline.so.8.1)
==1711693==    by 0x4895A0F: rl_initialize (in /usr/lib/x86_64-linux-gnu/libreadline.so.8.1)
==1711693==    by 0x4895CD4: readline (in /usr/lib/x86_64-linux-gnu/libreadline.so.8.1)
==1711693==    by 0x40190C: find_line (main2.c:262)
==1711693==    by 0x401785: main (main2.c:289)
==1711693== 
==1711693== 4,112 bytes in 1 blocks are still reachable in loss record 47 of 67
==1711693==    at 0x4848899: malloc (in /usr/libexec/valgrind/vgpreload_memcheck-amd64-linux.so)
==1711693==    by 0x48ADBAC: xmalloc (in /usr/lib/x86_64-linux-gnu/libreadline.so.8.1)
==1711693==    by 0x488A251: rl_make_bare_keymap (in /usr/lib/x86_64-linux-gnu/libreadline.so.8.1)
==1711693==    by 0x488AB6A: rl_generic_bind (in /usr/lib/x86_64-linux-gnu/libreadline.so.8.1)
==1711693==    by 0x489575D: rl_bind_keyseq_if_unbound_in_map (in /usr/lib/x86_64-linux-gnu/libreadline.so.8.1)
==1711693==    by 0x48A8DD5: ??? (in /usr/lib/x86_64-linux-gnu/libreadline.so.8.1)
==1711693==    by 0x48A931F: _rl_init_terminal_io (in /usr/lib/x86_64-linux-gnu/libreadline.so.8.1)
==1711693==    by 0x4895A0F: rl_initialize (in /usr/lib/x86_64-linux-gnu/libreadline.so.8.1)
==1711693==    by 0x4895CD4: readline (in /usr/lib/x86_64-linux-gnu/libreadline.so.8.1)
==1711693==    by 0x40190C: find_line (main2.c:262)
==1711693==    by 0x401785: main (main2.c:289)
==1711693== 
==1711693== 4,112 bytes in 1 blocks are still reachable in loss record 48 of 67
==1711693==    at 0x4848899: malloc (in /usr/libexec/valgrind/vgpreload_memcheck-amd64-linux.so)
==1711693==    by 0x48ADBAC: xmalloc (in /usr/lib/x86_64-linux-gnu/libreadline.so.8.1)
==1711693==    by 0x488A251: rl_make_bare_keymap (in /usr/lib/x86_64-linux-gnu/libreadline.so.8.1)
==1711693==    by 0x488AB6A: rl_generic_bind (in /usr/lib/x86_64-linux-gnu/libreadline.so.8.1)
==1711693==    by 0x489575D: rl_bind_keyseq_if_unbound_in_map (in /usr/lib/x86_64-linux-gnu/libreadline.so.8.1)
==1711693==    by 0x48A8E5A: ??? (in /usr/lib/x86_64-linux-gnu/libreadline.so.8.1)
==1711693==    by 0x48A931F: _rl_init_terminal_io (in /usr/lib/x86_64-linux-gnu/libreadline.so.8.1)
==1711693==    by 0x4895A0F: rl_initialize (in /usr/lib/x86_64-linux-gnu/libreadline.so.8.1)
==1711693==    by 0x4895CD4: readline (in /usr/lib/x86_64-linux-gnu/libreadline.so.8.1)
==1711693==    by 0x40190C: find_line (main2.c:262)
==1711693==    by 0x401785: main (main2.c:289)
==1711693== 
==1711693== 4,112 bytes in 1 blocks are still reachable in loss record 49 of 67
==1711693==    at 0x4848899: malloc (in /usr/libexec/valgrind/vgpreload_memcheck-amd64-linux.so)
==1711693==    by 0x48ADBAC: xmalloc (in /usr/lib/x86_64-linux-gnu/libreadline.so.8.1)
==1711693==    by 0x488A251: rl_make_bare_keymap (in /usr/lib/x86_64-linux-gnu/libreadline.so.8.1)
==1711693==    by 0x488AB6A: rl_generic_bind (in /usr/lib/x86_64-linux-gnu/libreadline.so.8.1)
==1711693==    by 0x489575D: rl_bind_keyseq_if_unbound_in_map (in /usr/lib/x86_64-linux-gnu/libreadline.so.8.1)
==1711693==    by 0x48A8E5A: ??? (in /usr/lib/x86_64-linux-gnu/libreadline.so.8.1)
==1711693==    by 0x48A932B: _rl_init_terminal_io (in /usr/lib/x86_64-linux-gnu/libreadline.so.8.1)
==1711693==    by 0x4895A0F: rl_initialize (in /usr/lib/x86_64-linux-gnu/libreadline.so.8.1)
==1711693==    by 0x4895CD4: readline (in /usr/lib/x86_64-linux-gnu/libreadline.so.8.1)
==1711693==    by 0x40190C: find_line (main2.c:262)
==1711693==    by 0x401785: main (main2.c:289)
==1711693== 
==1711693== 4,112 bytes in 1 blocks are still reachable in loss record 50 of 67
==1711693==    at 0x4848899: malloc (in /usr/libexec/valgrind/vgpreload_memcheck-amd64-linux.so)
==1711693==    by 0x48ADBAC: xmalloc (in /usr/lib/x86_64-linux-gnu/libreadline.so.8.1)
==1711693==    by 0x488A251: rl_make_bare_keymap (in /usr/lib/x86_64-linux-gnu/libreadline.so.8.1)
==1711693==    by 0x488AB6A: rl_generic_bind (in /usr/lib/x86_64-linux-gnu/libreadline.so.8.1)
==1711693==    by 0x489575D: rl_bind_keyseq_if_unbound_in_map (in /usr/lib/x86_64-linux-gnu/libreadline.so.8.1)
==1711693==    by 0x48A8E5A: ??? (in /usr/lib/x86_64-linux-gnu/libreadline.so.8.1)
==1711693==    by 0x48A9337: _rl_init_terminal_io (in /usr/lib/x86_64-linux-gnu/libreadline.so.8.1)
==1711693==    by 0x4895A0F: rl_initialize (in /usr/lib/x86_64-linux-gnu/libreadline.so.8.1)
==1711693==    by 0x4895CD4: readline (in /usr/lib/x86_64-linux-gnu/libreadline.so.8.1)
==1711693==    by 0x40190C: find_line (main2.c:262)
==1711693==    by 0x401785: main (main2.c:289)
==1711693== 
==1711693== 4,112 bytes in 1 blocks are still reachable in loss record 51 of 67
==1711693==    at 0x4848899: malloc (in /usr/libexec/valgrind/vgpreload_memcheck-amd64-linux.so)
==1711693==    by 0x48ADBAC: xmalloc (in /usr/lib/x86_64-linux-gnu/libreadline.so.8.1)
==1711693==    by 0x488A251: rl_make_bare_keymap (in /usr/lib/x86_64-linux-gnu/libreadline.so.8.1)
==1711693==    by 0x488AB6A: rl_generic_bind (in /usr/lib/x86_64-linux-gnu/libreadline.so.8.1)
==1711693==    by 0x489575D: rl_bind_keyseq_if_unbound_in_map (in /usr/lib/x86_64-linux-gnu/libreadline.so.8.1)
==1711693==    by 0x489594C: ??? (in /usr/lib/x86_64-linux-gnu/libreadline.so.8.1)
==1711693==    by 0x4895A84: rl_initialize (in /usr/lib/x86_64-linux-gnu/libreadline.so.8.1)
==1711693==    by 0x4895CD4: readline (in /usr/lib/x86_64-linux-gnu/libreadline.so.8.1)
==1711693==    by 0x40190C: find_line (main2.c:262)
==1711693==    by 0x401785: main (main2.c:289)
==1711693== 
==1711693== 4,112 bytes in 1 blocks are still reachable in loss record 52 of 67
==1711693==    at 0x4848899: malloc (in /usr/libexec/valgrind/vgpreload_memcheck-amd64-linux.so)
==1711693==    by 0x48ADBAC: xmalloc (in /usr/lib/x86_64-linux-gnu/libreadline.so.8.1)
==1711693==    by 0x488A251: rl_make_bare_keymap (in /usr/lib/x86_64-linux-gnu/libreadline.so.8.1)
==1711693==    by 0x488AB6A: rl_generic_bind (in /usr/lib/x86_64-linux-gnu/libreadline.so.8.1)
==1711693==    by 0x489575D: rl_bind_keyseq_if_unbound_in_map (in /usr/lib/x86_64-linux-gnu/libreadline.so.8.1)
==1711693==    by 0x489594C: ??? (in /usr/lib/x86_64-linux-gnu/libreadline.so.8.1)
==1711693==    by 0x4895A93: rl_initialize (in /usr/lib/x86_64-linux-gnu/libreadline.so.8.1)
==1711693==    by 0x4895CD4: readline (in /usr/lib/x86_64-linux-gnu/libreadline.so.8.1)
==1711693==    by 0x40190C: find_line (main2.c:262)
==1711693==    by 0x401785: main (main2.c:289)
==1711693== 
==1711693== 4,112 bytes in 1 blocks are still reachable in loss record 53 of 67
==1711693==    at 0x4848899: malloc (in /usr/libexec/valgrind/vgpreload_memcheck-amd64-linux.so)
==1711693==    by 0x48ADBAC: xmalloc (in /usr/lib/x86_64-linux-gnu/libreadline.so.8.1)
==1711693==    by 0x488A251: rl_make_bare_keymap (in /usr/lib/x86_64-linux-gnu/libreadline.so.8.1)
==1711693==    by 0x488AB6A: rl_generic_bind (in /usr/lib/x86_64-linux-gnu/libreadline.so.8.1)
==1711693==    by 0x489575D: rl_bind_keyseq_if_unbound_in_map (in /usr/lib/x86_64-linux-gnu/libreadline.so.8.1)
==1711693==    by 0x489594C: ??? (in /usr/lib/x86_64-linux-gnu/libreadline.so.8.1)
==1711693==    by 0x4895AB8: rl_initialize (in /usr/lib/x86_64-linux-gnu/libreadline.so.8.1)
==1711693==    by 0x4895CD4: readline (in /usr/lib/x86_64-linux-gnu/libreadline.so.8.1)
==1711693==    by 0x40190C: find_line (main2.c:262)
==1711693==    by 0x401785: main (main2.c:289)
==1711693== 
==1711693== 7,952 bytes in 1 blocks are still reachable in loss record 54 of 67
==1711693==    at 0x484DA83: calloc (in /usr/libexec/valgrind/vgpreload_memcheck-amd64-linux.so)
==1711693==    by 0x4AFFC97: ??? (in /usr/lib/x86_64-linux-gnu/libtinfo.so.6.3)
==1711693==    by 0x4B013AF: _nc_find_type_entry (in /usr/lib/x86_64-linux-gnu/libtinfo.so.6.3)
==1711693==    by 0x4B03E4C: tgetstr_sp (in /usr/lib/x86_64-linux-gnu/libtinfo.so.6.3)
==1711693==    by 0x48A921A: _rl_init_terminal_io (in /usr/lib/x86_64-linux-gnu/libreadline.so.8.1)
==1711693==    by 0x4895A0F: rl_initialize (in /usr/lib/x86_64-linux-gnu/libreadline.so.8.1)
==1711693==    by 0x4895CD4: readline (in /usr/lib/x86_64-linux-gnu/libreadline.so.8.1)
==1711693==    by 0x40190C: find_line (main2.c:262)
==1711693==    by 0x401785: main (main2.c:289)
==1711693== 
==1711693== 8,224 bytes in 2 blocks are still reachable in loss record 55 of 67
==1711693==    at 0x4848899: malloc (in /usr/libexec/valgrind/vgpreload_memcheck-amd64-linux.so)
==1711693==    by 0x48ADBAC: xmalloc (in /usr/lib/x86_64-linux-gnu/libreadline.so.8.1)
==1711693==    by 0x488A251: rl_make_bare_keymap (in /usr/lib/x86_64-linux-gnu/libreadline.so.8.1)
==1711693==    by 0x488AB6A: rl_generic_bind (in /usr/lib/x86_64-linux-gnu/libreadline.so.8.1)
==1711693==    by 0x489575D: rl_bind_keyseq_if_unbound_in_map (in /usr/lib/x86_64-linux-gnu/libreadline.so.8.1)
==1711693==    by 0x48A8E47: ??? (in /usr/lib/x86_64-linux-gnu/libreadline.so.8.1)
==1711693==    by 0x48A931F: _rl_init_terminal_io (in /usr/lib/x86_64-linux-gnu/libreadline.so.8.1)
==1711693==    by 0x4895A0F: rl_initialize (in /usr/lib/x86_64-linux-gnu/libreadline.so.8.1)
==1711693==    by 0x4895CD4: readline (in /usr/lib/x86_64-linux-gnu/libreadline.so.8.1)
==1711693==    by 0x40190C: find_line (main2.c:262)
==1711693==    by 0x401785: main (main2.c:289)
==1711693== 
==1711693== 8,224 bytes in 2 blocks are still reachable in loss record 56 of 67
==1711693==    at 0x4848899: malloc (in /usr/libexec/valgrind/vgpreload_memcheck-amd64-linux.so)
==1711693==    by 0x48ADBAC: xmalloc (in /usr/lib/x86_64-linux-gnu/libreadline.so.8.1)
==1711693==    by 0x488A251: rl_make_bare_keymap (in /usr/lib/x86_64-linux-gnu/libreadline.so.8.1)
==1711693==    by 0x488AB6A: rl_generic_bind (in /usr/lib/x86_64-linux-gnu/libreadline.so.8.1)
==1711693==    by 0x489575D: rl_bind_keyseq_if_unbound_in_map (in /usr/lib/x86_64-linux-gnu/libreadline.so.8.1)
==1711693==    by 0x48A8DD5: ??? (in /usr/lib/x86_64-linux-gnu/libreadline.so.8.1)
==1711693==    by 0x48A932B: _rl_init_terminal_io (in /usr/lib/x86_64-linux-gnu/libreadline.so.8.1)
==1711693==    by 0x4895A0F: rl_initialize (in /usr/lib/x86_64-linux-gnu/libreadline.so.8.1)
==1711693==    by 0x4895CD4: readline (in /usr/lib/x86_64-linux-gnu/libreadline.so.8.1)
==1711693==    by 0x40190C: find_line (main2.c:262)
==1711693==    by 0x401785: main (main2.c:289)
==1711693== 
==1711693== 8,224 bytes in 2 blocks are still reachable in loss record 57 of 67
==1711693==    at 0x4848899: malloc (in /usr/libexec/valgrind/vgpreload_memcheck-amd64-linux.so)
==1711693==    by 0x48ADBAC: xmalloc (in /usr/lib/x86_64-linux-gnu/libreadline.so.8.1)
==1711693==    by 0x488A251: rl_make_bare_keymap (in /usr/lib/x86_64-linux-gnu/libreadline.so.8.1)
==1711693==    by 0x488AB6A: rl_generic_bind (in /usr/lib/x86_64-linux-gnu/libreadline.so.8.1)
==1711693==    by 0x489575D: rl_bind_keyseq_if_unbound_in_map (in /usr/lib/x86_64-linux-gnu/libreadline.so.8.1)
==1711693==    by 0x48A8E47: ??? (in /usr/lib/x86_64-linux-gnu/libreadline.so.8.1)
==1711693==    by 0x48A932B: _rl_init_terminal_io (in /usr/lib/x86_64-linux-gnu/libreadline.so.8.1)
==1711693==    by 0x4895A0F: rl_initialize (in /usr/lib/x86_64-linux-gnu/libreadline.so.8.1)
==1711693==    by 0x4895CD4: readline (in /usr/lib/x86_64-linux-gnu/libreadline.so.8.1)
==1711693==    by 0x40190C: find_line (main2.c:262)
==1711693==    by 0x401785: main (main2.c:289)
==1711693== 
==1711693== 8,224 bytes in 2 blocks are still reachable in loss record 58 of 67
==1711693==    at 0x4848899: malloc (in /usr/libexec/valgrind/vgpreload_memcheck-amd64-linux.so)
==1711693==    by 0x48ADBAC: xmalloc (in /usr/lib/x86_64-linux-gnu/libreadline.so.8.1)
==1711693==    by 0x488A251: rl_make_bare_keymap (in /usr/lib/x86_64-linux-gnu/libreadline.so.8.1)
==1711693==    by 0x488AB6A: rl_generic_bind (in /usr/lib/x86_64-linux-gnu/libreadline.so.8.1)
==1711693==    by 0x489575D: rl_bind_keyseq_if_unbound_in_map (in /usr/lib/x86_64-linux-gnu/libreadline.so.8.1)
==1711693==    by 0x48A8DD5: ??? (in /usr/lib/x86_64-linux-gnu/libreadline.so.8.1)
==1711693==    by 0x48A9337: _rl_init_terminal_io (in /usr/lib/x86_64-linux-gnu/libreadline.so.8.1)
==1711693==    by 0x4895A0F: rl_initialize (in /usr/lib/x86_64-linux-gnu/libreadline.so.8.1)
==1711693==    by 0x4895CD4: readline (in /usr/lib/x86_64-linux-gnu/libreadline.so.8.1)
==1711693==    by 0x40190C: find_line (main2.c:262)
==1711693==    by 0x401785: main (main2.c:289)
==1711693== 
==1711693== 8,224 bytes in 2 blocks are still reachable in loss record 59 of 67
==1711693==    at 0x4848899: malloc (in /usr/libexec/valgrind/vgpreload_memcheck-amd64-linux.so)
==1711693==    by 0x48ADBAC: xmalloc (in /usr/lib/x86_64-linux-gnu/libreadline.so.8.1)
==1711693==    by 0x488A251: rl_make_bare_keymap (in /usr/lib/x86_64-linux-gnu/libreadline.so.8.1)
==1711693==    by 0x488AB6A: rl_generic_bind (in /usr/lib/x86_64-linux-gnu/libreadline.so.8.1)
==1711693==    by 0x489575D: rl_bind_keyseq_if_unbound_in_map (in /usr/lib/x86_64-linux-gnu/libreadline.so.8.1)
==1711693==    by 0x48A8E47: ??? (in /usr/lib/x86_64-linux-gnu/libreadline.so.8.1)
==1711693==    by 0x48A9337: _rl_init_terminal_io (in /usr/lib/x86_64-linux-gnu/libreadline.so.8.1)
==1711693==    by 0x4895A0F: rl_initialize (in /usr/lib/x86_64-linux-gnu/libreadline.so.8.1)
==1711693==    by 0x4895CD4: readline (in /usr/lib/x86_64-linux-gnu/libreadline.so.8.1)
==1711693==    by 0x40190C: find_line (main2.c:262)
==1711693==    by 0x401785: main (main2.c:289)
==1711693== 
==1711693== 8,224 bytes in 2 blocks are still reachable in loss record 60 of 67
==1711693==    at 0x4848899: malloc (in /usr/libexec/valgrind/vgpreload_memcheck-amd64-linux.so)
==1711693==    by 0x48ADBAC: xmalloc (in /usr/lib/x86_64-linux-gnu/libreadline.so.8.1)
==1711693==    by 0x488A251: rl_make_bare_keymap (in /usr/lib/x86_64-linux-gnu/libreadline.so.8.1)
==1711693==    by 0x488AB6A: rl_generic_bind (in /usr/lib/x86_64-linux-gnu/libreadline.so.8.1)
==1711693==    by 0x489575D: rl_bind_keyseq_if_unbound_in_map (in /usr/lib/x86_64-linux-gnu/libreadline.so.8.1)
==1711693==    by 0x489593D: ??? (in /usr/lib/x86_64-linux-gnu/libreadline.so.8.1)
==1711693==    by 0x4895A84: rl_initialize (in /usr/lib/x86_64-linux-gnu/libreadline.so.8.1)
==1711693==    by 0x4895CD4: readline (in /usr/lib/x86_64-linux-gnu/libreadline.so.8.1)
==1711693==    by 0x40190C: find_line (main2.c:262)
==1711693==    by 0x401785: main (main2.c:289)
==1711693== 
==1711693== 8,224 bytes in 2 blocks are still reachable in loss record 61 of 67
==1711693==    at 0x4848899: malloc (in /usr/libexec/valgrind/vgpreload_memcheck-amd64-linux.so)
==1711693==    by 0x48ADBAC: xmalloc (in /usr/lib/x86_64-linux-gnu/libreadline.so.8.1)
==1711693==    by 0x488A251: rl_make_bare_keymap (in /usr/lib/x86_64-linux-gnu/libreadline.so.8.1)
==1711693==    by 0x488AB6A: rl_generic_bind (in /usr/lib/x86_64-linux-gnu/libreadline.so.8.1)
==1711693==    by 0x489575D: rl_bind_keyseq_if_unbound_in_map (in /usr/lib/x86_64-linux-gnu/libreadline.so.8.1)
==1711693==    by 0x489593D: ??? (in /usr/lib/x86_64-linux-gnu/libreadline.so.8.1)
==1711693==    by 0x4895A93: rl_initialize (in /usr/lib/x86_64-linux-gnu/libreadline.so.8.1)
==1711693==    by 0x4895CD4: readline (in /usr/lib/x86_64-linux-gnu/libreadline.so.8.1)
==1711693==    by 0x40190C: find_line (main2.c:262)
==1711693==    by 0x401785: main (main2.c:289)
==1711693== 
==1711693== 8,224 bytes in 2 blocks are still reachable in loss record 62 of 67
==1711693==    at 0x4848899: malloc (in /usr/libexec/valgrind/vgpreload_memcheck-amd64-linux.so)
==1711693==    by 0x48ADBAC: xmalloc (in /usr/lib/x86_64-linux-gnu/libreadline.so.8.1)
==1711693==    by 0x488A251: rl_make_bare_keymap (in /usr/lib/x86_64-linux-gnu/libreadline.so.8.1)
==1711693==    by 0x488AB6A: rl_generic_bind (in /usr/lib/x86_64-linux-gnu/libreadline.so.8.1)
==1711693==    by 0x489575D: rl_bind_keyseq_if_unbound_in_map (in /usr/lib/x86_64-linux-gnu/libreadline.so.8.1)
==1711693==    by 0x489593D: ??? (in /usr/lib/x86_64-linux-gnu/libreadline.so.8.1)
==1711693==    by 0x4895AB8: rl_initialize (in /usr/lib/x86_64-linux-gnu/libreadline.so.8.1)
==1711693==    by 0x4895CD4: readline (in /usr/lib/x86_64-linux-gnu/libreadline.so.8.1)
==1711693==    by 0x40190C: find_line (main2.c:262)
==1711693==    by 0x401785: main (main2.c:289)
==1711693== 
==1711693== 8,224 bytes in 2 blocks are still reachable in loss record 63 of 67
==1711693==    at 0x4848899: malloc (in /usr/libexec/valgrind/vgpreload_memcheck-amd64-linux.so)
==1711693==    by 0x48ADBAC: xmalloc (in /usr/lib/x86_64-linux-gnu/libreadline.so.8.1)
==1711693==    by 0x488A251: rl_make_bare_keymap (in /usr/lib/x86_64-linux-gnu/libreadline.so.8.1)
==1711693==    by 0x488AB6A: rl_generic_bind (in /usr/lib/x86_64-linux-gnu/libreadline.so.8.1)
==1711693==    by 0x489575D: rl_bind_keyseq_if_unbound_in_map (in /usr/lib/x86_64-linux-gnu/libreadline.so.8.1)
==1711693==    by 0x4895AD2: rl_initialize (in /usr/lib/x86_64-linux-gnu/libreadline.so.8.1)
==1711693==    by 0x4895CD4: readline (in /usr/lib/x86_64-linux-gnu/libreadline.so.8.1)
==1711693==    by 0x40190C: find_line (main2.c:262)
==1711693==    by 0x401785: main (main2.c:289)
==1711693== 
==1711693== 8,224 bytes in 2 blocks are still reachable in loss record 64 of 67
==1711693==    at 0x4848899: malloc (in /usr/libexec/valgrind/vgpreload_memcheck-amd64-linux.so)
==1711693==    by 0x48ADBAC: xmalloc (in /usr/lib/x86_64-linux-gnu/libreadline.so.8.1)
==1711693==    by 0x488A251: rl_make_bare_keymap (in /usr/lib/x86_64-linux-gnu/libreadline.so.8.1)
==1711693==    by 0x488AB6A: rl_generic_bind (in /usr/lib/x86_64-linux-gnu/libreadline.so.8.1)
==1711693==    by 0x489575D: rl_bind_keyseq_if_unbound_in_map (in /usr/lib/x86_64-linux-gnu/libreadline.so.8.1)
==1711693==    by 0x4895AE1: rl_initialize (in /usr/lib/x86_64-linux-gnu/libreadline.so.8.1)
==1711693==    by 0x4895CD4: readline (in /usr/lib/x86_64-linux-gnu/libreadline.so.8.1)
==1711693==    by 0x40190C: find_line (main2.c:262)
==1711693==    by 0x401785: main (main2.c:289)
==1711693== 
==1711693== 12,336 bytes in 3 blocks are still reachable in loss record 65 of 67
==1711693==    at 0x4848899: malloc (in /usr/libexec/valgrind/vgpreload_memcheck-amd64-linux.so)
==1711693==    by 0x48ADBAC: xmalloc (in /usr/lib/x86_64-linux-gnu/libreadline.so.8.1)
==1711693==    by 0x488A251: rl_make_bare_keymap (in /usr/lib/x86_64-linux-gnu/libreadline.so.8.1)
==1711693==    by 0x488AB6A: rl_generic_bind (in /usr/lib/x86_64-linux-gnu/libreadline.so.8.1)
==1711693==    by 0x489575D: rl_bind_keyseq_if_unbound_in_map (in /usr/lib/x86_64-linux-gnu/libreadline.so.8.1)
==1711693==    by 0x4895914: ??? (in /usr/lib/x86_64-linux-gnu/libreadline.so.8.1)
==1711693==    by 0x4895A93: rl_initialize (in /usr/lib/x86_64-linux-gnu/libreadline.so.8.1)
==1711693==    by 0x4895CD4: readline (in /usr/lib/x86_64-linux-gnu/libreadline.so.8.1)
==1711693==    by 0x40190C: find_line (main2.c:262)
==1711693==    by 0x401785: main (main2.c:289)
==1711693== 
==1711693== 12,336 bytes in 3 blocks are still reachable in loss record 66 of 67
==1711693==    at 0x4848899: malloc (in /usr/libexec/valgrind/vgpreload_memcheck-amd64-linux.so)
==1711693==    by 0x48ADBAC: xmalloc (in /usr/lib/x86_64-linux-gnu/libreadline.so.8.1)
==1711693==    by 0x488A251: rl_make_bare_keymap (in /usr/lib/x86_64-linux-gnu/libreadline.so.8.1)
==1711693==    by 0x488AB6A: rl_generic_bind (in /usr/lib/x86_64-linux-gnu/libreadline.so.8.1)
==1711693==    by 0x489575D: rl_bind_keyseq_if_unbound_in_map (in /usr/lib/x86_64-linux-gnu/libreadline.so.8.1)
==1711693==    by 0x4895914: ??? (in /usr/lib/x86_64-linux-gnu/libreadline.so.8.1)
==1711693==    by 0x4895AB8: rl_initialize (in /usr/lib/x86_64-linux-gnu/libreadline.so.8.1)
==1711693==    by 0x4895CD4: readline (in /usr/lib/x86_64-linux-gnu/libreadline.so.8.1)
==1711693==    by 0x40190C: find_line (main2.c:262)
==1711693==    by 0x401785: main (main2.c:289)
==1711693== 
==1711693== 28,784 bytes in 7 blocks are still reachable in loss record 67 of 67
==1711693==    at 0x4848899: malloc (in /usr/libexec/valgrind/vgpreload_memcheck-amd64-linux.so)
==1711693==    by 0x48ADBAC: xmalloc (in /usr/lib/x86_64-linux-gnu/libreadline.so.8.1)
==1711693==    by 0x488A251: rl_make_bare_keymap (in /usr/lib/x86_64-linux-gnu/libreadline.so.8.1)
==1711693==    by 0x488AB6A: rl_generic_bind (in /usr/lib/x86_64-linux-gnu/libreadline.so.8.1)
==1711693==    by 0x489B99E: rl_parse_and_bind (in /usr/lib/x86_64-linux-gnu/libreadline.so.8.1)
==1711693==    by 0x489BB6C: ??? (in /usr/lib/x86_64-linux-gnu/libreadline.so.8.1)
==1711693==    by 0x4895A38: rl_initialize (in /usr/lib/x86_64-linux-gnu/libreadline.so.8.1)
==1711693==    by 0x4895CD4: readline (in /usr/lib/x86_64-linux-gnu/libreadline.so.8.1)
==1711693==    by 0x40190C: find_line (main2.c:262)
==1711693==    by 0x401785: main (main2.c:289)
==1711693== 
==1711693== LEAK SUMMARY:
==1711693==    definitely lost: 0 bytes in 0 blocks
==1711693==    indirectly lost: 0 bytes in 0 blocks
==1711693==      possibly lost: 0 bytes in 0 blocks
==1711693==    still reachable: 208,229 bytes in 226 blocks
==1711693==         suppressed: 0 bytes in 0 blocks
==1711693== 
==1711693== For lists of detected and suppressed errors, rerun with: -s
==1711693== ERROR SUMMARY: 0 errors from 0 contexts (suppressed: 0 from 0)
